// Jest Snapshot v1, https://goo.gl/fbAQLP

exports[`HourSelection requestInput should have the correct keyboard 1`] = `
Array [
  Array [
    Array [
      "0(FRAME_HOUR|0)",
      "1(FRAME_HOUR|1)",
      "2(FRAME_HOUR|2)",
      "3(FRAME_HOUR|3)",
      "4(FRAME_HOUR|4)",
      "5(FRAME_HOUR|5)",
      "6(FRAME_HOUR|6)",
      "7(FRAME_HOUR|7)",
      "8(FRAME_HOUR|8)",
      "9(FRAME_HOUR|9)",
      "10(FRAME_HOUR|10)",
      "11(FRAME_HOUR|11)",
      "12(FRAME_HOUR|12)",
      "13(FRAME_HOUR|13)",
      "14(FRAME_HOUR|14)",
      "15(FRAME_HOUR|15)",
      "16(FRAME_HOUR|16)",
      "17(FRAME_HOUR|17)",
      "18(FRAME_HOUR|18)",
      "19(FRAME_HOUR|19)",
      "20(FRAME_HOUR|20)",
      "21(FRAME_HOUR|21)",
      "22(FRAME_HOUR|22)",
      "23(FRAME_HOUR|23)",
      "+1(FRAME_HOUR|+1)",
      "+2(FRAME_HOUR|+2)",
      "+3(FRAME_HOUR|+3)",
      "+4(FRAME_HOUR|+4)",
      "+5(FRAME_HOUR|+5)",
      "+6(FRAME_HOUR|+6)",
      "+7(FRAME_HOUR|+7)",
      "+8(FRAME_HOUR|+8)",
      "+9(FRAME_HOUR|+9)",
      "+10(FRAME_HOUR|+10)",
      "+11(FRAME_HOUR|+11)",
      "+12(FRAME_HOUR|+12)",
      "Aktuelle Stunde(FRAME_HOUR|SKIP)",
    ],
    Object {
      "columns": 6,
    },
  ],
]
`;
